
> alucalculator@0.1.0 build
> next build

Ôû▓ Next.js 16.1.6 (Turbopack)

  Creating an optimized production build ...
Ô£ô Compiled successfully in 15.9s
  Running TypeScript ...
node.exe : Failed to compile.
At line:1 char:1
+ & "C:\Program Files\nodejs/node.exe" "C:\Program Files\node
js/node_mo ...
+ ~~~~~~~~~~~~~~~~~~~~~~~~~~~~~~~~~~~~~~~~~~~~~~~~~~~~~~~~~~~
~~~~~~~~~~
    + CategoryInfo          : NotSpecified: (Failed to comp  
  ile.:String) [], RemoteException
    + FullyQualifiedErrorId : NativeCommandError
 

./src/engine/export/DxfExporter.ts:67:67
Type error: 'MakerJs.exporter' has no exported member named '
ILayerOptions'. Did you mean 'IDXFLayerOptions'?

[0m [90m 65 |[39m
 [90m 66 |[39m         [90m// Layer options configuration 
based on LayerManager[39m
[31m[1m>[22m[39m[90m 67 |[39m         [36mconst[39m l
ayerOptions[33m:[39m { [layerId[33m:[39m string][33m:[3
9m makerjs[33m.[39mexporter[33m.[39m[33mILayerOptions[3
9m } [33m=[39m {}[33m;[39m
 [90m    |[39m                                             
                      [31m[1m^[22m[39m
 [90m 68 |[39m         layerManager[33m.[39mgetAllLayers(
)[33m.[39mforEach(layer [33m=>[39m {
 [90m 69 |[39m             layerOptions[layer[33m.[39mnam
e] [33m=[39m { color[33m:[39m [36mthis[39m[33m.[39mhe
xToAutoCadColor(layer[33m.[39mcolor) }[33m;[39m
 [90m 70 |[39m         })[33m;[39m[0m
Next.js build worker exited with code: 1 and signal: null
