
> alucalculator@0.1.0 build
> next build

node.exe : ÔÜá Specified "headers" will not automatically w
ork with "output: export". See more info here: https://next
js.org/docs/messages/export-no-custom-routes
At line:1 char:1
+ & "C:\Program Files\nodejs/node.exe" "C:\Program Files\no
dejs/node_mo ...
+ ~~~~~~~~~~~~~~~~~~~~~~~~~~~~~~~~~~~~~~~~~~~~~~~~~~~~~~~~~
~~~~~~~~~~~~
    + CategoryInfo          : NotSpecified: (ÔÜá Specified 
    "...o-custom-routes:String) [], RemoteException
    + FullyQualifiedErrorId : NativeCommandError
 
ÔÜá Warning: Next.js inferred your workspace root, but it m
ay not be correct.
 We detected multiple lockfiles and selected the directory 
of C:\Users\apo_q\package-lock.json as the root directory.
 To silence this warning, set `turbopack.root` in your Next
.js config, or consider removing one of the lockfiles if it
's not needed.
   See https://nextjs.org/docs/app/api-reference/config/nex
t-config-js/turbopack#root-directory for more information.
 Detected additional lockfiles: 
   * C:\Users\apo_q\.gemini\antigravity\scratch\alucalculat
or\package-lock.json

Ôû▓ Next.js 16.1.6 (Turbopack)

  Creating an optimized production build ...
ÔÜá Specified "headers" will not automatically work with "o
utput: export". See more info here: https://nextjs.org/docs
/messages/export-no-custom-routes
Ô£ô Compiled successfully in 15.1s
  Running TypeScript ...
Failed to compile.

./src/locales/dictionary.ts:12:17
Type error: Argument of type '{ en: string; tr: string; de:
 string; fr: string; es: string; it: string; pt: string; ru
: string; ja: string; zh: string; }' is not assignable to p
arameter of type 'TranslationEntry'.
  Type '{ en: string; tr: string; de: string; fr: string; e
s: string; it: string; pt: string; ru: string; ja: string; 
zh: string; }' is missing the following properties from typ
e 'TranslationEntry': ko, ar

[0m [90m 10 |[39m [36mexport[39m [36mconst[39m dicti
onary [33m=[39m {
 [90m 11 |[39m     nav[33m:[39m {
[31m[1m>[22m[39m[90m 12 |[39m         home[33m:[39m
 t({ en[33m:[39m [32m"Home"[39m[33m,[39m tr[33m:[39
m [32m"Anasayfa"[39m[33m,[39m de[33m:[39m [32m"Start
seite"[39m[33m,[39m fr[33m:[39m [32m"Accueil"[39m[3
3m,[39m es[33m:[39m [32m"Inicio"[39m[33m,[39m it[33
m:[39m [32m"Home"[39m[33m,[39m pt[33m:[39m [32m"In├
¡cio"[39m[33m,[39m ru[33m:[39m [32m"ºôº╗º░º▓º¢º░ªÅ"[
39m[33m,[39m ja[33m:[39m [32m"ÒâøÒâ╝Òâá"[39m[33m,[3
9m zh[33m:[39m [32m"ÚĞûÚíÁ"[39m })[33m,[39m
 [90m    |[39m                 [31m[1m^[22m[39m
 [90m 13 |[39m         homeDesc[33m:[39m t({ en[33m:[
39m [32m"Main Dashboard"[39m[33m,[39m tr[33m:[39m [3
2m"Ana Kontrol Paneli"[39m[33m,[39m de[33m:[39m [32m"
Haupt-Dashboard"[39m[33m,[39m fr[33m:[39m [32m"Tablea
u de Bord"[39m[33m,[39m es[33m:[39m [32m"Tablero Prin
cipal"[39m[33m,[39m it[33m:[39m [32m"Dashboard Princi
pale"[39m[33m,[39m pt[33m:[39m [32m"Painel Principal"
[39m[33m,[39m ru[33m:[39m [32m"ºşº░º¢ºÁº╗ªî ªâº┐ªÇº░º
▓º╗ºÁº¢º©ªÅ"[39m[33m,[39m ja[33m:[39m [32m"ÒâÇÒââÒéÀÒ
âÑÒâ£Òâ╝Òâë"[39m[33m,[39m zh[33m:[39m [32m"õ╗¬×í¿µØ┐"
[39m })[33m,[39m
 [90m 14 |[39m         fits[33m:[39m t({ en[33m:[39m 
[32m"Fit Calculator"[39m[33m,[39m tr[33m:[39m [32m"T
olerans Hesaplay─▒c─▒"[39m[33m,[39m de[33m:[39m [32m"
Passungsrechner"[39m[33m,[39m fr[33m:[39m [32m"Calcul
ateur d'Ajustement"[39m[33m,[39m es[33m:[39m [32m"Aju
stes ISO"[39m[33m,[39m it[33m:[39m [32m"Calcolo Accop
piamenti"[39m[33m,[39m pt[33m:[39m [32m"Ajustes e Tol
er├óncias"[39m[33m,[39m ru[33m:[39m [32m"ºöº¥º┐ªâªüº║
º© º© º┐º¥ªüº░º┤º║º©"[39m[33m,[39m ja[33m:[39m [32m"Ò
ü»ÒéüÒüéÒüä×¿ê«ù"[39m[33m,[39m zh[33m:[39m [32m"Õà¼Õ
À«ÚàıÕÉê"[39m })[33m,[39m
 [90m 15 |[39m         handbook[33m:[39m t({ en[33m:[
39m [32m"Engineer's Handbook"[39m[33m,[39m tr[33m:[39
m [32m"M├╝hendis El Kitab─▒"[39m[33m,[39m de[33m:[39m
 [32m"Ingenieur-Handbuch"[39m[33m,[39m fr[33m:[39m [
32m"Manuel de l'Ing├®nieur"[39m[33m,[39m es[33m:[39m 
[32m"Manual del Ingeniero"[39m[33m,[39m it[33m:[39m [
32m"Manuale Ingnere"[39m[33m,[39m pt[33m:[39m [32m"Ma
nual do Engenheiro"[39m[33m,[39m ru[33m:[39m [32m"ºíº
┐ªÇº░º▓º¥ªçº¢º©º║"[39m[33m,[39m ja[33m:[39m [32m"µèÇ×
íôõ¥┐×Ğğ"[39m[33m,[39m zh[33m:[39m [32m"ÕÀÑ¿ïÕ©êµëïÕ
åî"[39m })[33m,[39m[0m
Next.js build worker exited with code: 1 and signal: null
