src/components/modules/mechanical/FastenerAssemblyModule.tsx(3,8): error TS1259: Module '"C:/Users/apo_q/.gemini/antigravity/scratch/alucalculator/node_modules/@types/react/index"' can only be default-imported using the 'esModuleInterop' flag
src/components/modules/mechanical/FastenerAssemblyModule.tsx(14,8): error TS2307: Cannot find module '@/data/boltNutStandards' or its corresponding type declarations.
src/components/modules/mechanical/FastenerAssemblyModule.tsx(15,37): error TS2307: Cannot find module '@/lib/structural/connectionEngine' or its corresponding type declarations.
src/components/modules/mechanical/FastenerAssemblyModule.tsx(16,36): error TS2307: Cannot find module '@/components/TechnicalDrawing3D' or its corresponding type declarations.
src/components/modules/mechanical/FastenerAssemblyModule.tsx(17,24): error TS2307: Cannot find module '@/components/ClientOnly' or its corresponding type declarations.
src/components/modules/mechanical/FastenerAssemblyModule.tsx(70,9): error TS17004: Cannot use JSX unless the '--jsx' flag is provided.
src/components/modules/mechanical/FastenerAssemblyModule.tsx(72,13): error TS17004: Cannot use JSX unless the '--jsx' flag is provided.
src/components/modules/mechanical/FastenerAssemblyModule.tsx(74,17): error TS17004: Cannot use JSX unless the '--jsx' flag is provided.
src/components/modules/mechanical/FastenerAssemblyModule.tsx(75,21): error TS17004: Cannot use JSX unless the '--jsx' flag is provided.
src/components/modules/mechanical/FastenerAssemblyModule.tsx(76,25): error TS17004: Cannot use JSX unless the '--jsx' flag is provided.
src/components/modules/mechanical/FastenerAssemblyModule.tsx(78,21): error TS17004: Cannot use JSX unless the '--jsx' flag is provided.
src/components/modules/mechanical/FastenerAssemblyModule.tsx(79,25): error TS17004: Cannot use JSX unless the '--jsx' flag is provided.
src/components/modules/mechanical/FastenerAssemblyModule.tsx(80,25): error TS17004: Cannot use JSX unless the '--jsx' flag is provided.
src/components/modules/mechanical/FastenerAssemblyModule.tsx(84,17): error TS17004: Cannot use JSX unless the '--jsx' flag is provided.
src/components/modules/mechanical/FastenerAssemblyModule.tsx(86,21): error TS17004: Cannot use JSX unless the '--jsx' flag is provided.
src/components/modules/mechanical/FastenerAssemblyModule.tsx(86,22): error TS2741: Property 'children' is missing in type '{ label: string; icon: any; }' but required in type '{ label: string; icon: any; children: any; }'.
src/components/modules/mechanical/FastenerAssemblyModule.tsx(86,72): error TS17004: Cannot use JSX unless the '--jsx' flag is provided.
src/components/modules/mechanical/FastenerAssemblyModule.tsx(87,25): error TS17004: Cannot use JSX unless the '--jsx' flag is provided.
src/components/modules/mechanical/FastenerAssemblyModule.tsx(88,28): error TS17004: Cannot use JSX unless the '--jsx' flag is provided.
src/components/modules/mechanical/FastenerAssemblyModule.tsx(94,28): error TS17004: Cannot use JSX unless the '--jsx' flag is provided.
src/components/modules/mechanical/FastenerAssemblyModule.tsx(104,21): error TS17004: Cannot use JSX unless the '--jsx' flag is provided.
src/components/modules/mechanical/FastenerAssemblyModule.tsx(104,22): error TS2741: Property 'children' is missing in type '{ label: string; icon: any; }' but required in type '{ label: string; icon: any; children: any; }'.
src/components/modules/mechanical/FastenerAssemblyModule.tsx(104,67): error TS17004: Cannot use JSX unless the '--jsx' flag is provided.
src/components/modules/mechanical/FastenerAssemblyModule.tsx(105,25): error TS17004: Cannot use JSX unless the '--jsx' flag is provided.
src/components/modules/mechanical/FastenerAssemblyModule.tsx(106,29): error TS17004: Cannot use JSX unless the '--jsx' flag is provided.
src/components/modules/mechanical/FastenerAssemblyModule.tsx(112,30): error TS17004: Cannot use JSX unless the '--jsx' flag is provided.
src/components/modules/mechanical/FastenerAssemblyModule.tsx(113,33): error TS17004: Cannot use JSX unless the '--jsx' flag is provided.
src/components/modules/mechanical/FastenerAssemblyModule.tsx(114,33): error TS17004: Cannot use JSX unless the '--jsx' flag is provided.
src/components/modules/mechanical/FastenerAssemblyModule.tsx(122,21): error TS17004: Cannot use JSX unless the '--jsx' flag is provided.
src/components/modules/mechanical/FastenerAssemblyModule.tsx(122,22): error TS2741: Property 'children' is missing in type '{ label: string; icon: any; }' but required in type '{ label: string; icon: any; children: any; }'.
src/components/modules/mechanical/FastenerAssemblyModule.tsx(122,75): error TS17004: Cannot use JSX unless the '--jsx' flag is provided.
src/components/modules/mechanical/FastenerAssemblyModule.tsx(123,25): error TS17004: Cannot use JSX unless the '--jsx' flag is provided.
src/components/modules/mechanical/FastenerAssemblyModule.tsx(124,29): error TS17004: Cannot use JSX unless the '--jsx' flag is provided.
src/components/modules/mechanical/FastenerAssemblyModule.tsx(125,29): error TS17004: Cannot use JSX unless the '--jsx' flag is provided.
src/components/modules/mechanical/FastenerAssemblyModule.tsx(126,33): error TS17004: Cannot use JSX unless the '--jsx' flag is provided.
src/components/modules/mechanical/FastenerAssemblyModule.tsx(127,33): error TS17004: Cannot use JSX unless the '--jsx' flag is provided.
src/components/modules/mechanical/FastenerAssemblyModule.tsx(133,21): error TS17004: Cannot use JSX unless the '--jsx' flag is provided.
src/components/modules/mechanical/FastenerAssemblyModule.tsx(134,25): error TS17004: Cannot use JSX unless the '--jsx' flag is provided.
src/components/modules/mechanical/FastenerAssemblyModule.tsx(135,29): error TS17004: Cannot use JSX unless the '--jsx' flag is provided.
src/components/modules/mechanical/FastenerAssemblyModule.tsx(136,29): error TS17004: Cannot use JSX unless the '--jsx' flag is provided.
src/components/modules/mechanical/FastenerAssemblyModule.tsx(137,33): error TS17004: Cannot use JSX unless the '--jsx' flag is provided.
src/components/modules/mechanical/FastenerAssemblyModule.tsx(138,33): error TS17004: Cannot use JSX unless the '--jsx' flag is provided.
src/components/modules/mechanical/FastenerAssemblyModule.tsx(141,25): error TS17004: Cannot use JSX unless the '--jsx' flag is provided.
src/components/modules/mechanical/FastenerAssemblyModule.tsx(142,29): error TS17004: Cannot use JSX unless the '--jsx' flag is provided.
src/components/modules/mechanical/FastenerAssemblyModule.tsx(143,29): error TS17004: Cannot use JSX unless the '--jsx' flag is provided.
src/components/modules/mechanical/FastenerAssemblyModule.tsx(150,13): error TS17004: Cannot use JSX unless the '--jsx' flag is provided.
src/components/modules/mechanical/FastenerAssemblyModule.tsx(153,17): error TS17004: Cannot use JSX unless the '--jsx' flag is provided.
src/components/modules/mechanical/FastenerAssemblyModule.tsx(154,21): error TS17004: Cannot use JSX unless the '--jsx' flag is provided.
src/components/modules/mechanical/FastenerAssemblyModule.tsx(155,21): error TS17004: Cannot use JSX unless the '--jsx' flag is provided.
src/components/modules/mechanical/FastenerAssemblyModule.tsx(156,21): error TS17004: Cannot use JSX unless the '--jsx' flag is provided.
src/components/modules/mechanical/FastenerAssemblyModule.tsx(160,17): error TS17004: Cannot use JSX unless the '--jsx' flag is provided.
src/components/modules/mechanical/FastenerAssemblyModule.tsx(161,21): error TS17004: Cannot use JSX unless the '--jsx' flag is provided.
src/components/modules/mechanical/FastenerAssemblyModule.tsx(162,21): error TS17004: Cannot use JSX unless the '--jsx' flag is provided.
src/components/modules/mechanical/FastenerAssemblyModule.tsx(163,25): error TS17004: Cannot use JSX unless the '--jsx' flag is provided.
src/components/modules/mechanical/FastenerAssemblyModule.tsx(164,29): error TS17004: Cannot use JSX unless the '--jsx' flag is provided.
src/components/modules/mechanical/FastenerAssemblyModule.tsx(169,21): error TS17004: Cannot use JSX unless the '--jsx' flag is provided.
src/components/modules/mechanical/FastenerAssemblyModule.tsx(170,25): error TS17004: Cannot use JSX unless the '--jsx' flag is provided.
src/components/modules/mechanical/FastenerAssemblyModule.tsx(184,21): error TS17004: Cannot use JSX unless the '--jsx' flag is provided.
src/components/modules/mechanical/FastenerAssemblyModule.tsx(189,25): error TS17004: Cannot use JSX unless the '--jsx' flag is provided.
src/components/modules/mechanical/FastenerAssemblyModule.tsx(190,29): error TS17004: Cannot use JSX unless the '--jsx' flag is provided.
src/components/modules/mechanical/FastenerAssemblyModule.tsx(192,25): error TS17004: Cannot use JSX unless the '--jsx' flag is provided.
src/components/modules/mechanical/FastenerAssemblyModule.tsx(193,29): error TS17004: Cannot use JSX unless the '--jsx' flag is provided.
src/components/modules/mechanical/FastenerAssemblyModule.tsx(194,29): error TS17004: Cannot use JSX unless the '--jsx' flag is provided.
src/components/modules/mechanical/FastenerAssemblyModule.tsx(195,29): error TS17004: Cannot use JSX unless the '--jsx' flag is provided.
src/components/modules/mechanical/FastenerAssemblyModule.tsx(196,29): error TS17004: Cannot use JSX unless the '--jsx' flag is provided.
src/components/modules/mechanical/FastenerAssemblyModule.tsx(197,59): error TS17004: Cannot use JSX unless the '--jsx' flag is provided.
src/components/modules/mechanical/FastenerAssemblyModule.tsx(198,29): error TS17004: Cannot use JSX unless the '--jsx' flag is provided.
src/components/modules/mechanical/FastenerAssemblyModule.tsx(204,17): error TS17004: Cannot use JSX unless the '--jsx' flag is provided.
src/components/modules/mechanical/FastenerAssemblyModule.tsx(205,21): error TS17004: Cannot use JSX unless the '--jsx' flag is provided.
src/components/modules/mechanical/FastenerAssemblyModule.tsx(206,25): error TS17004: Cannot use JSX unless the '--jsx' flag is provided.
src/components/modules/mechanical/FastenerAssemblyModule.tsx(208,21): error TS17004: Cannot use JSX unless the '--jsx' flag is provided.
src/components/modules/mechanical/FastenerAssemblyModule.tsx(209,25): error TS17004: Cannot use JSX unless the '--jsx' flag is provided.
src/components/modules/mechanical/FastenerAssemblyModule.tsx(210,29): error TS17004: Cannot use JSX unless the '--jsx' flag is provided.
src/components/modules/mechanical/FastenerAssemblyModule.tsx(211,29): error TS17004: Cannot use JSX unless the '--jsx' flag is provided.
src/components/modules/mechanical/FastenerAssemblyModule.tsx(213,25): error TS17004: Cannot use JSX unless the '--jsx' flag is provided.
src/components/modules/mechanical/FastenerAssemblyModule.tsx(229,9): error TS17004: Cannot use JSX unless the '--jsx' flag is provided.
src/components/modules/mechanical/FastenerAssemblyModule.tsx(230,13): error TS17004: Cannot use JSX unless the '--jsx' flag is provided.
src/components/modules/mechanical/FastenerAssemblyModule.tsx(232,17): error TS17004: Cannot use JSX unless the '--jsx' flag is provided.
src/components/modules/mechanical/FastenerAssemblyModule.tsx(241,9): error TS17004: Cannot use JSX unless the '--jsx' flag is provided.
src/components/modules/mechanical/FastenerAssemblyModule.tsx(242,13): error TS17004: Cannot use JSX unless the '--jsx' flag is provided.
src/components/modules/mechanical/FastenerAssemblyModule.tsx(243,13): error TS17004: Cannot use JSX unless the '--jsx' flag is provided.
src/components/modules/mechanical/FastenerAssemblyModule.tsx(248,44): error TS17004: Cannot use JSX unless the '--jsx' flag is provided.
src/components/modules/mechanical/FastenerAssemblyModule.tsx(256,9): error TS17004: Cannot use JSX unless the '--jsx' flag is provided.
src/components/modules/mechanical/FastenerAssemblyModule.tsx(257,13): error TS17004: Cannot use JSX unless the '--jsx' flag is provided.
src/components/modules/mechanical/FastenerAssemblyModule.tsx(258,13): error TS17004: Cannot use JSX unless the '--jsx' flag is provided.
src/components/modules/mechanical/FastenerAssemblyModule.tsx(259,17): error TS17004: Cannot use JSX unless the '--jsx' flag is provided.
src/components/modules/mechanical/FastenerAssemblyModule.tsx(260,17): error TS17004: Cannot use JSX unless the '--jsx' flag is provided.
src/components/modules/mechanical/FastenerAssemblyModule.tsx(262,13): error TS17004: Cannot use JSX unless the '--jsx' flag is provided.
src/components/modules/mechanical/FastenerAssemblyModule.tsx(269,9): error TS17004: Cannot use JSX unless the '--jsx' flag is provided.
src/components/modules/mechanical/FastenerAssemblyModule.tsx(270,13): error TS17004: Cannot use JSX unless the '--jsx' flag is provided.
src/components/modules/mechanical/FastenerAssemblyModule.tsx(271,13): error TS17004: Cannot use JSX unless the '--jsx' flag is provided.
src/components/modules/mechanical/FastenerAssemblyModule.tsx(278,9): error TS17004: Cannot use JSX unless the '--jsx' flag is provided.
src/components/modules/mechanical/FastenerAssemblyModule.tsx(279,13): error TS17004: Cannot use JSX unless the '--jsx' flag is provided.
src/components/modules/mechanical/FastenerAssemblyModule.tsx(280,17): error TS17004: Cannot use JSX unless the '--jsx' flag is provided.
src/components/modules/mechanical/FastenerAssemblyModule.tsx(281,17): error TS17004: Cannot use JSX unless the '--jsx' flag is provided.
src/components/modules/mechanical/FastenerAssemblyModule.tsx(283,13): error TS17004: Cannot use JSX unless the '--jsx' flag is provided.
src/components/modules/mechanical/FastenerAssemblyModule.tsx(284,17): error TS17004: Cannot use JSX unless the '--jsx' flag is provided.
src/components/modules/mechanical/FastenerAssemblyModule.tsx(291,13): error TS17004: Cannot use JSX unless the '--jsx' flag is provided.
src/components/modules/mechanical/FastenerAssemblyModule.tsx(292,17): error TS17004: Cannot use JSX unless the '--jsx' flag is provided.
