scratch/assembly_proof_mock.ts(78,44): error TS2531: Object is possibly 'null'.
scratch/assembly_proof_mock.ts(78,70): error TS2339: Property 'events' does not exist on type 'TimelineEvent[] | { status: string; totalDurationMs: number; steps: number; }'.
  Property 'events' does not exist on type 'TimelineEvent[]'.
scratch/assembly_test.ts(84,55): error TS2339: Property 'events' does not exist on type '{ mode: TelemetryMode; timeline: any; }'.
scratch/assembly_test.ts(110,57): error TS2339: Property 'events' does not exist on type '{ mode: TelemetryMode; timeline: any; }'.
scripts/generate-seo-pages.ts(15,18): error TS7006: Parameter 'text' implicitly has an 'any' type.
scripts/generate-seo-pages.ts(19,23): error TS7006: Parameter 'slug' implicitly has an 'any' type.
scripts/generate-seo-pages.ts(19,29): error TS7006: Parameter 'knowledge' implicitly has an 'any' type.
src/app/academy/sandbox/page.tsx(24,54): error TS2322: Type '{ args: [number, number, number, number]; rotation: [number, number, number]; }' is not assignable to type 'Mutable<Overwrite<Partial<Overwrite<CylinderGeometry, MathProps<CylinderGeometry> & ReactProps<CylinderGeometry>>>, Omit<...>>>'.
  Property 'rotation' does not exist on type 'Mutable<Overwrite<Partial<Overwrite<CylinderGeometry, MathProps<CylinderGeometry> & ReactProps<CylinderGeometry>>>, Omit<...>>>'.
src/app/academy/sandbox/page.tsx(35,47): error TS2322: Type '{ args: [number, number, number]; rotation: [number, number, number]; }' is not assignable to type 'Mutable<Overwrite<Partial<Overwrite<ConeGeometry, MathProps<ConeGeometry> & ReactProps<ConeGeometry>>>, Omit<...>>>'.
  Property 'rotation' does not exist on type 'Mutable<Overwrite<Partial<Overwrite<ConeGeometry, MathProps<ConeGeometry> & ReactProps<ConeGeometry>>>, Omit<...>>>'.
src/app/api/calculations/save-seo/route.ts(18,53): error TS18048: 'session.user' is possibly 'undefined'.
src/app/api/calculations/save-seo/route.ts(18,66): error TS2339: Property 'id' does not exist on type '{ name?: string | null | undefined; email?: string | null | undefined; image?: string | null | undefined; }'.
src/app/api/calculations/save-seo/route.ts(22,57): error TS18048: 'session.user' is possibly 'undefined'.
src/app/api/calculations/save-seo/route.ts(22,70): error TS2339: Property 'id' does not exist on type '{ name?: string | null | undefined; email?: string | null | undefined; image?: string | null | undefined; }'.
src/app/calculators/page.tsx(98,57): error TS2304: Cannot find name 'Calculator'.
src/components/cad/CADToolbar.tsx(108,51): error TS2345: Argument of type '"analytics-dashboard"' is not assignable to parameter of type 'ModuleType'.
src/components/calculators/CalculationReport.tsx(14,25): error TS2345: Argument of type '() => Promise<typeof import("react-mathjax2")>' is not assignable to parameter of type 'DynamicOptions<{}> | Loader<{}>'.
  Type '() => Promise<typeof import("react-mathjax2")>' is not assignable to type '() => LoaderComponent<{}>'.
    Type 'Promise<typeof import("react-mathjax2")>' is not assignable to type 'LoaderComponent<{}>'.
      Type 'typeof import("react-mathjax2")' is not assignable to type 'ComponentType<{}> | ComponentModule<{}>'.
src/components/calculators/CalculationReport.tsx(149,58): error TS2339: Property 'Node' does not exist on type 'ComponentType<{}>'.
  Property 'Node' does not exist on type 'ComponentClass<{}, any>'.
src/components/calculators/UniversalCalcRenderer.tsx(392,74): error TS2322: Type 'string | number | boolean' is not assignable to type 'number | null'.
  Type 'string' is not assignable to type 'number'.
src/components/calculators/UniversalCalcRenderer.tsx(424,48): error TS2339: Property 'version' does not exist on type '{ title: string; description: string; author?: string | undefined; lastUpdated?: string | undefined; tags?: string[] | undefined; } | { title: string; description: string; category: CalculatorCategory; ... 4 more ...; verifiedStandards: string[]; }'.
  Property 'version' does not exist on type '{ title: string; description: string; author?: string | undefined; lastUpdated?: string | undefined; tags?: string[] | undefined; }'.
src/components/canvas/InfiniteBoard.tsx(14,25): error TS2307: Cannot find module '../nodes/mech/ProfileNode' or its corresponding type declarations.
src/components/canvas/InfiniteBoard.tsx(15,22): error TS2307: Cannot find module '../nodes/finance/CostNode' or its corresponding type declarations.
src/components/canvas/InfiniteBoard.tsx(16,25): error TS2307: Cannot find module '../nodes/ai/CoPilotNode' or its corresponding type declarations.
src/components/GearsPageClient.tsx(77,80): error TS18004: No value exists in scope for the shorthand property 'teethCount'. Either declare one or provide an initializer.
src/components/modules/mechanical/BearingsModule.tsx(80,13): error TS2353: Object literal may only specify known properties, and 'category' does not exist in type 'Omit<ProjectItem, "id" | "totalWeight" | "totalCost" | "timestamp">'.
src/components/modules/mechanical/FastenersModule.tsx(52,13): error TS2353: Object literal may only specify known properties, and 'category' does not exist in type 'Omit<ProjectItem, "id" | "totalWeight" | "totalCost" | "timestamp">'.
src/components/modules/mechanical/ProfileWeightModule.tsx(116,13): error TS2353: Object literal may only specify known properties, and 'category' does not exist in type 'Omit<ProjectItem, "id" | "totalWeight" | "totalCost" | "timestamp">'.
src/components/modules/mechanical/SimulationFEAModule.tsx(215,110): error TS7006: Parameter 'u' implicitly has an 'any' type.
src/components/modules/mechanical/SimulationFEAModule.tsx(217,116): error TS7006: Parameter 'u' implicitly has an 'any' type.
src/components/modules/os/FileExplorerModule.tsx(68,42): error TS2345: Argument of type '"image-viewer"' is not assignable to parameter of type 'ModuleType'.
src/components/modules/os/FileExplorerModule.tsx(70,42): error TS2345: Argument of type '"media-player"' is not assignable to parameter of type 'ModuleType'.
src/components/modules/os/FileExplorerModule.tsx(71,40): error TS2345: Argument of type '"pdf-viewer"' is not assignable to parameter of type 'ModuleType'.
src/components/modules/os/FileExplorerModule.tsx(72,48): error TS2345: Argument of type '"spreadsheet-viewer"' is not assignable to parameter of type 'ModuleType'.
src/components/modules/os/ProjectManagerModule.tsx(24,10): error TS2305: Module '"@/calculators/CalculatorLoader"' has no exported member 'getModuleSchema'.
src/components/modules/os/ProjectManagerModule.tsx(28,32): error TS2339: Property 'updateQuantity' does not exist on type 'ProjectState'.
src/components/modules/os/ProjectManagerModule.tsx(47,62): error TS2339: Property 'category' does not exist on type 'ProjectItem'.
src/components/modules/os/ProjectManagerModule.tsx(88,23): error TS2339: Property 'category' does not exist on type 'ProjectItem'.
src/components/modules/os/ProjectManagerModule.tsx(88,35): error TS2339: Property 'material' does not exist on type 'ProjectItem'.
src/components/modules/os/ProjectManagerModule.tsx(120,62): error TS2339: Property 'material' does not exist on type 'ProjectItem'.
src/components/modules/os/ProjectManagerModule.tsx(202,102): error TS2339: Property 'category' does not exist on type 'ProjectItem'.
src/components/modules/os/ProjectManagerModule.tsx(205,104): error TS2339: Property 'material' does not exist on type 'ProjectItem'.
src/components/os/AluDock.tsx(85,38): error TS2345: Argument of type '"project-manager"' is not assignable to parameter of type 'ModuleType'.
src/components/os/AluDock.tsx(86,42): error TS2367: This comparison appears to be unintentional because the types 'ModuleType' and '"project-manager"' have no overlap.
src/components/os/AluDock.tsx(153,38): error TS2345: Argument of type '"file-explorer"' is not assignable to parameter of type 'ModuleType'.
src/components/os/AluDock.tsx(154,42): error TS2367: This comparison appears to be unintentional because the types 'ModuleType' and '"file-explorer"' have no overlap.
src/components/os/AluDock.tsx(158,38): error TS2345: Argument of type '"project-vault"' is not assignable to parameter of type 'ModuleType'.
src/components/os/AluDock.tsx(159,42): error TS2367: This comparison appears to be unintentional because the types 'ModuleType' and '"project-vault"' have no overlap.
src/components/os/AluDock.tsx(164,38): error TS2345: Argument of type '"browser"' is not assignable to parameter of type 'ModuleType'.
src/components/os/AluDock.tsx(165,42): error TS2367: This comparison appears to be unintentional because the types 'ModuleType' and '"browser"' have no overlap.
src/components/os/AluDock.tsx(170,38): error TS2345: Argument of type '"paint"' is not assignable to parameter of type 'ModuleType'.
src/components/os/AluDock.tsx(171,42): error TS2367: This comparison appears to be unintentional because the types 'ModuleType' and '"paint"' have no overlap.
src/components/os/DesktopEnvironment.tsx(50,28): error TS2345: Argument of type '"terminal"' is not assignable to parameter of type 'ModuleType'.
src/components/os/OSFrame.tsx(15,24): error TS2307: Cannot find module '@/components/flow/FlowCanvas' or its corresponding type declarations.
src/components/os/RibbonBar.tsx(114,65): error TS2345: Argument of type '"project-variables"' is not assignable to parameter of type 'ModuleType'.
src/components/os/RibbonBar.tsx(295,89): error TS2345: Argument of type '"analytics-dashboard"' is not assignable to parameter of type 'ModuleType'.
src/components/os/RibbonBar.tsx(298,84): error TS2345: Argument of type '"engineering-notes"' is not assignable to parameter of type 'ModuleType'.
src/components/os/StartMenu.tsx(107,26): error TS2367: This comparison appears to be unintentional because the types 'ModuleCategory' and '"utilities"' have no overlap.
src/components/os/WelcomeModal.tsx(44,26): error TS2345: Argument of type '"flow" | "desk" | "cad"' is not assignable to parameter of type 'WorkspaceMode'.
  Type '"flow"' is not assignable to type 'WorkspaceMode'.
src/components/scene/AssemblyScene.tsx(72,11): error TS2322: Type 'RefObject<Group<Object3DEventMap> | null>' is not assignable to type 'Object3D<Object3DEventMap> | RefObject<Object3D<Object3DEventMap>> | undefined'.
  Type 'RefObject<Group<Object3DEventMap> | null>' is not assignable to type 'RefObject<Object3D<Object3DEventMap>>'.
    Type 'Group<Object3DEventMap> | null' is not assignable to type 'Object3D<Object3DEventMap>'.
      Type 'null' is not assignable to type 'Object3D<Object3DEventMap>'.
src/components/scene/AssemblyScene.tsx(79,17): error TS2345: Argument of type 'EulerTuple' is not assignable to parameter of type '[number, number, number]'.
  Target allows only 3 element(s) but source may have more.
src/components/scene/HeroScene.tsx(35,3): error TS2300: Duplicate identifier 'radius'.
src/components/scene/HeroScene.tsx(36,3): error TS2300: Duplicate identifier 'radius'.
src/components/scene/HeroScene.tsx(100,30): error TS2304: Cannot find name 'href'.
src/components/scene/HeroScene.tsx(100,71): error TS2304: Cannot find name 'href'.
src/components/scene/HeroScene.tsx(101,36): error TS2304: Cannot find name 'href'.
src/components/scene/HeroScene.tsx(102,35): error TS2304: Cannot find name 'href'.
src/components/scene/HeroScene.tsx(148,30): error TS2304: Cannot find name 'href'.
src/components/scene/HeroScene.tsx(148,71): error TS2304: Cannot find name 'href'.
src/components/scene/HeroScene.tsx(149,36): error TS2304: Cannot find name 'href'.
src/components/scene/HeroScene.tsx(150,35): error TS2304: Cannot find name 'href'.
src/components/scene/HeroScene.tsx(209,30): error TS2304: Cannot find name 'href'.
src/components/scene/HeroScene.tsx(209,71): error TS2304: Cannot find name 'href'.
src/components/scene/HeroScene.tsx(210,36): error TS2304: Cannot find name 'href'.
src/components/scene/HeroScene.tsx(211,35): error TS2304: Cannot find name 'href'.
src/components/seo/ClusterNav.tsx(7,10): error TS2305: Module '"@/lib/types/v5-types"' has no exported member 'SEOCalculatorData'.
src/engine/desk/UnifiedDesk.ts(15,48): error TS2345: Argument of type '"mechanical" | "electrical" | "civil" | "science" | "finance" | "software" | "flow" | "cam" | "desk" | "cad" | "fea"' is not assignable to parameter of type 'WorkspaceMode'.
  Type '"flow"' is not assignable to type 'WorkspaceMode'.
src/lib/engine/registry.ts(87,77): error TS2322: Type '"diagnostics"' is not assignable to type '"mechanical" | "electrical" | "thermal" | "civil"'.
src/lib/engine/registry.ts(96,76): error TS2322: Type '"marine"' is not assignable to type '"mechanical" | "electrical" | "thermal" | "civil"'.
src/lib/engineering/governancePolicyEngine.ts(1,35): error TS2307: Cannot find module './rewardSystemController' or its corresponding type declarations.
src/lib/engineering/governancePolicyEngine.ts(13,42): error TS2339: Property 'rewards' does not exist on type 'GovernedRewardState'.
src/lib/engineering/governancePolicyEngine.ts(26,11): error TS2339: Property 'rewards' does not exist on type 'GovernedRewardState'.
src/lib/engineering/governancePolicyEngine.ts(33,5): error TS2353: Object literal may only specify known properties, and 'rewards' does not exist in type 'GovernedRewardState'.
src/lib/engineering/rewardDriftAnalyzer.ts(1,31): error TS2307: Cannot find module './adaptiveRewardSchema' or its corresponding type declarations.
src/lib/engineering/rewardDriftAnalyzer.ts(5,59): error TS7006: Parameter 'c' implicitly has an 'any' type.
src/lib/engineering/rewardStabilizer.ts(1,31): error TS2307: Cannot find module './adaptiveRewardSchema' or its corresponding type declarations.
src/lib/engineering/rewardStabilizer.ts(11,38): error TS7006: Parameter 'c' implicitly has an 'any' type.
src/lib/seo/clusterMap.ts(3,10): error TS2305: Module '"@/lib/types/v5-types"' has no exported member 'SEOCalculatorData'.
src/lib/seo/graphBuilder.ts(3,10): error TS2305: Module '"@/lib/types/v5-types"' has no exported member 'SEOCalculatorData'.
src/lib/seo/semanticScore.ts(2,10): error TS2305: Module '"@/lib/types/v5-types"' has no exported member 'SEOCalculatorData'.
src/lib/seo/semanticScore.ts(32,13): error TS7006: Parameter 'word' implicitly has an 'any' type.
src/lib/seo/semanticScore.ts(44,45): error TS7006: Parameter 'w' implicitly has an 'any' type.
src/lib/services/logicProofV2.ts(1,10): error TS2305: Module '"./calculationService"' has no exported member 'calculate'.
src/lib/store/assemblyStore.ts(58,35): error TS2304: Cannot find name 'MachiningType'.
src/lib/store/assemblyStore.ts(60,61): error TS2304: Cannot find name 'MachiningModifier'.
src/lib/store/assemblyStore.ts(212,25): error TS2304: Cannot find name 'MachiningModifier'.
src/modules/civil/ConcreteReinforcement/index.tsx(213,26): error TS2304: Cannot find name 'ShieldAlert'.
src/modules/science/BiologyGenetics/index.tsx(223,104): error TS7006: Parameter 'val' implicitly has an 'any' type.
